Joueur Gnognak le Barbare joué par Florian
Niveau : 2 (XP totale : 20)

Capacités :
   DEF : 2
   ATK : 5
   INT : 3

Inventaire :